$ ./client localhost 30001 Iain add 170210 0800 1000 Doctor
Entry added successfully
$ ./client localhost 30001 Iain add 170210 0830 0900 Doctor
Error: Entry conflicts with an exiting entry
iain@iain-laptop-mint ~/Projects/CMPT434 $ ./client localhost 30001 Iain getall
--------------------------------------
Name: 	Doctor
Date: 	17/02/10
Start: 	08:00
End: 	10:00
--------------------------------------
$ ./client localhost 30001 Iain update 170210 0800 1300 Doctor
$ ./client localhost 30001 Iain getall
--------------------------------------
Name: 	Doctor
Date: 	17/02/10
Start: 	08:00
End: 	13:00
--------------------------------------
$ ./client localhost 30001 Other add 170210 0700 0900 Doctor
Entry added successfully
$ ./client localhost 30001 Other getall
--------------------------------------
Name: 	Doctor
Date: 	17/02/10
Start: 	07:00
End: 	09:00
--------------------------------------
$ ./client localhost 30001 Iain add 170401 0830 0900 Birthday
Entry added successfully
$ ./client localhost 30001 Iain getall
--------------------------------------
Name: 	Doctor
Date: 	17/02/10
Start: 	08:00
End: 	13:00
--------------------------------------
--------------------------------------
Name: 	Birthday
Date: 	17/04/01
Start: 	08:30
End: 	09:00
--------------------------------------
$ ./client localhost 30001 Iain add 170317 0830 0900 Sons_Birthday
Entry added successfully
$ ./client localhost 30001 Iain getall
--------------------------------------
Name: 	Doctor
Date: 	17/02/10
Start: 	08:00
End: 	13:00
--------------------------------------
--------------------------------------
Name: 	Sons_Birthday
Date: 	17/03/17
Start: 	08:30
End: 	09:00
--------------------------------------
--------------------------------------
Name: 	Birthday
Date: 	17/04/01
Start: 	08:30
End: 	09:00
--------------------------------------
$ ./client localhost 30001 Iain remove 170401 0830
Entry removed successfully
$ ./client localhost 30001 Iain getall
--------------------------------------
Name: 	Doctor
Date: 	17/02/10
Start: 	08:00
End: 	13:00
--------------------------------------
--------------------------------------
Name: 	Sons_Birthday
Date: 	17/03/17
Start: 	08:30
End: 	09:00
--------------------------------------
$ ./client localhost 30001 Iain add 170317 1230 1500 Sons_Party 
Entry added successfully
$ ./client localhost 30001 Iain get 170317
--------------------------------------
Name: 	Sons_Birthday
Date: 	17/03/17
Start: 	08:30
End: 	09:00
--------------------------------------
--------------------------------------
Name: 	Sons_Party
Date: 	17/03/17
Start: 	12:30
End: 	15:00
--------------------------------------

